
============================================================
  Training DivPO adapter: contrarian
============================================================

  GPU 0: NVIDIA GeForce RTX 5060 Ti
  GPUs available: 1
Loading DivPO dataset from local file data/processed/divpo_v2_1p5b/contrarian.jsonl...
  255 preference pairs
Loading SFT adapter from outputs/adapters/sft_1p5b/contrarian ...
Loading weights:   0%|          | 0/338 [00:00<?, ?it/s]Loading weights:   0%|          | 1/338 [00:00<00:43,  7.79it/s]Loading weights:  41%|████      | 137/338 [00:00<00:00, 712.82it/s]Loading weights:  64%|██████▍   | 216/338 [00:00<00:00, 743.79it/s]Loading weights:  87%|████████▋ | 295/338 [00:00<00:00, 750.21it/s]Loading weights: 100%|██████████| 338/338 [00:00<00:00, 702.44it/s]
Loading weights:   0%|          | 0/338 [00:00<?, ?it/s]Loading weights:  22%|██▏       | 75/338 [00:00<00:00, 701.43it/s]Loading weights:  47%|████▋     | 159/338 [00:00<00:00, 740.65it/s]Loading weights:  72%|███████▏  | 243/338 [00:00<00:00, 747.12it/s]Loading weights:  97%|█████████▋| 327/338 [00:00<00:00, 772.34it/s]Loading weights: 100%|██████████| 338/338 [00:00<00:00, 783.29it/s]
/venv/main/lib/python3.14/site-packages/peft/mapping_func.py:72: UserWarning: You are trying to modify a model with PEFT for a second time. If you want to reload the model with a different config, make sure to call `.unload()` before.
  warnings.warn(
/venv/main/lib/python3.14/site-packages/peft/tuners/tuners_utils.py:302: UserWarning: Already found a `peft_config` attribute in the model. This will lead to having multiple adapters in the model. Make sure to know what you are doing!
  warnings.warn(
trainable params: 18,464,768 || all params: 1,562,179,072 || trainable%: 1.1820
Adding EOS to train dataset:   0%|          | 0/255 [00:00<?, ? examples/s]Adding EOS to train dataset: 100%|██████████| 255/255 [00:00<00:00, 26823.85 examples/s]
Tokenizing train dataset:   0%|          | 0/255 [00:00<?, ? examples/s][RANK 0] Mismatch between tokenized prompt and the start of tokenized prompt+chosen. This may be due to unexpected tokenizer behavior, whitespace issues, or special token handling. Verify that the tokenizer is processing text consistently.
[RANK 0] Mismatch between tokenized prompt and the start of tokenized prompt+rejected. This may be due to unexpected tokenizer behavior, whitespace issues, or special token handling. Verify that the tokenizer is processing text consistently.
[RANK 0] Mismatch between tokenized prompt and the start of tokenized prompt+chosen. This may be due to unexpected tokenizer behavior, whitespace issues, or special token handling. Verify that the tokenizer is processing text consistently.
[RANK 0] Mismatch between tokenized prompt and the start of tokenized prompt+rejected. This may be due to unexpected tokenizer behavior, whitespace issues, or special token handling. Verify that the tokenizer is processing text consistently.
[RANK 0] Mismatch between tokenized prompt and the start of tokenized prompt+chosen. This may be due to unexpected tokenizer behavior, whitespace issues, or special token handling. Verify that the tokenizer is processing text consistently.
[RANK 0] Mismatch between tokenized prompt and the start of tokenized prompt+rejected. This may be due to unexpected tokenizer behavior, whitespace issues, or special token handling. Verify that the tokenizer is processing text consistently.
[RANK 0] Mismatch between tokenized prompt and the start of tokenized prompt+chosen. This may be due to unexpected tokenizer behavior, whitespace issues, or special token handling. Verify that the tokenizer is processing text consistently.
[RANK 0] Mismatch between tokenized prompt and the start of tokenized prompt+rejected. This may be due to unexpected tokenizer behavior, whitespace issues, or special token handling. Verify that the tokenizer is processing text consistently.
[RANK 0] Mismatch between tokenized prompt and the start of tokenized prompt+chosen. This may be due to unexpected tokenizer behavior, whitespace issues, or special token handling. Verify that the tokenizer is processing text consistently.
[RANK 0] Mismatch between tokenized prompt and the start of tokenized prompt+rejected. This may be due to unexpected tokenizer behavior, whitespace issues, or special token handling. Verify that the tokenizer is processing text consistently.
[RANK 0] Mismatch between tokenized prompt and the start of tokenized prompt+chosen. This may be due to unexpected tokenizer behavior, whitespace issues, or special token handling. Verify that the tokenizer is processing text consistently.
[RANK 0] Mismatch between tokenized prompt and the start of tokenized prompt+rejected. This may be due to unexpected tokenizer behavior, whitespace issues, or special token handling. Verify that the tokenizer is processing text consistently.
[RANK 0] Mismatch between tokenized prompt and the start of tokenized prompt+chosen. This may be due to unexpected tokenizer behavior, whitespace issues, or special token handling. Verify that the tokenizer is processing text consistently.
[RANK 0] Mismatch between tokenized prompt and the start of tokenized prompt+rejected. This may be due to unexpected tokenizer behavior, whitespace issues, or special token handling. Verify that the tokenizer is processing text consistently.
[RANK 0] Mismatch between tokenized prompt and the start of tokenized prompt+chosen. This may be due to unexpected tokenizer behavior, whitespace issues, or special token handling. Verify that the tokenizer is processing text consistently.
[RANK 0] Mismatch between tokenized prompt and the start of tokenized prompt+rejected. This may be due to unexpected tokenizer behavior, whitespace issues, or special token handling. Verify that the tokenizer is processing text consistently.
[RANK 0] Mismatch between tokenized prompt and the start of tokenized prompt+chosen. This may be due to unexpected tokenizer behavior, whitespace issues, or special token handling. Verify that the tokenizer is processing text consistently.
[RANK 0] Mismatch between tokenized prompt and the start of tokenized prompt+rejected. This may be due to unexpected tokenizer behavior, whitespace issues, or special token handling. Verify that the tokenizer is processing text consistently.
[RANK 0] Mismatch between tokenized prompt and the start of tokenized prompt+chosen. This may be due to unexpected tokenizer behavior, whitespace issues, or special token handling. Verify that the tokenizer is processing text consistently.
[RANK 0] Mismatch between tokenized prompt and the start of tokenized prompt+rejected. This may be due to unexpected tokenizer behavior, whitespace issues, or special token handling. Verify that the tokenizer is processing text consistently.
[RANK 0] Mismatch between tokenized prompt and the start of tokenized prompt+chosen. This may be due to unexpected tokenizer behavior, whitespace issues, or special token handling. Verify that the tokenizer is processing text consistently.
[RANK 0] Mismatch between tokenized prompt and the start of tokenized prompt+rejected. This may be due to unexpected tokenizer behavior, whitespace issues, or special token handling. Verify that the tokenizer is processing text consistently.
[RANK 0] Mismatch between tokenized prompt and the start of tokenized prompt+rejected. This may be due to unexpected tokenizer behavior, whitespace issues, or special token handling. Verify that the tokenizer is processing text consistently.
[RANK 0] Mismatch between tokenized prompt and the start of tokenized prompt+chosen. This may be due to unexpected tokenizer behavior, whitespace issues, or special token handling. Verify that the tokenizer is processing text consistently.
[RANK 0] Mismatch between tokenized prompt and the start of tokenized prompt+rejected. This may be due to unexpected tokenizer behavior, whitespace issues, or special token handling. Verify that the tokenizer is processing text consistently.
[RANK 0] Mismatch between tokenized prompt and the start of tokenized prompt+chosen. This may be due to unexpected tokenizer behavior, whitespace issues, or special token handling. Verify that the tokenizer is processing text consistently.
[RANK 0] Mismatch between tokenized prompt and the start of tokenized prompt+rejected. This may be due to unexpected tokenizer behavior, whitespace issues, or special token handling. Verify that the tokenizer is processing text consistently.
[RANK 0] Mismatch between tokenized prompt and the start of tokenized prompt+chosen. This may be due to unexpected tokenizer behavior, whitespace issues, or special token handling. Verify that the tokenizer is processing text consistently.
[RANK 0] Mismatch between tokenized prompt and the start of tokenized prompt+rejected. This may be due to unexpected tokenizer behavior, whitespace issues, or special token handling. Verify that the tokenizer is processing text consistently.
[RANK 0] Mismatch between tokenized prompt and the start of tokenized prompt+chosen. This may be due to unexpected tokenizer behavior, whitespace issues, or special token handling. Verify that the tokenizer is processing text consistently.
[RANK 0] Mismatch between tokenized prompt and the start of tokenized prompt+rejected. This may be due to unexpected tokenizer behavior, whitespace issues, or special token handling. Verify that the tokenizer is processing text consistently.
[RANK 0] Mismatch between tokenized prompt and the start of tokenized prompt+chosen. This may be due to unexpected tokenizer behavior, whitespace issues, or special token handling. Verify that the tokenizer is processing text consistently.
[RANK 0] Mismatch between tokenized prompt and the start of tokenized prompt+rejected. This may be due to unexpected tokenizer behavior, whitespace issues, or special token handling. Verify that the tokenizer is processing text consistently.
[RANK 0] Mismatch between tokenized prompt and the start of tokenized prompt+chosen. This may be due to unexpected tokenizer behavior, whitespace issues, or special token handling. Verify that the tokenizer is processing text consistently.
[RANK 0] Mismatch between tokenized prompt and the start of tokenized prompt+rejected. This may be due to unexpected tokenizer behavior, whitespace issues, or special token handling. Verify that the tokenizer is processing text consistently.
[RANK 0] Mismatch between tokenized prompt and the start of tokenized prompt+chosen. This may be due to unexpected tokenizer behavior, whitespace issues, or special token handling. Verify that the tokenizer is processing text consistently.
[RANK 0] Mismatch between tokenized prompt and the start of tokenized prompt+rejected. This may be due to unexpected tokenizer behavior, whitespace issues, or special token handling. Verify that the tokenizer is processing text consistently.
[RANK 0] Mismatch between tokenized prompt and the start of tokenized prompt+chosen. This may be due to unexpected tokenizer behavior, whitespace issues, or special token handling. Verify that the tokenizer is processing text consistently.
[RANK 0] Mismatch between tokenized prompt and the start of tokenized prompt+rejected. This may be due to unexpected tokenizer behavior, whitespace issues, or special token handling. Verify that the tokenizer is processing text consistently.
[RANK 0] Mismatch between tokenized prompt and the start of tokenized prompt+chosen. This may be due to unexpected tokenizer behavior, whitespace issues, or special token handling. Verify that the tokenizer is processing text consistently.
[RANK 0] Mismatch between tokenized prompt and the start of tokenized prompt+rejected. This may be due to unexpected tokenizer behavior, whitespace issues, or special token handling. Verify that the tokenizer is processing text consistently.
[RANK 0] Mismatch between tokenized prompt and the start of tokenized prompt+chosen. This may be due to unexpected tokenizer behavior, whitespace issues, or special token handling. Verify that the tokenizer is processing text consistently.
[RANK 0] Mismatch between tokenized prompt and the start of tokenized prompt+rejected. This may be due to unexpected tokenizer behavior, whitespace issues, or special token handling. Verify that the tokenizer is processing text consistently.
[RANK 0] Mismatch between tokenized prompt and the start of tokenized prompt+chosen. This may be due to unexpected tokenizer behavior, whitespace issues, or special token handling. Verify that the tokenizer is processing text consistently.
[RANK 0] Mismatch between tokenized prompt and the start of tokenized prompt+rejected. This may be due to unexpected tokenizer behavior, whitespace issues, or special token handling. Verify that the tokenizer is processing text consistently.
[RANK 0] Mismatch between tokenized prompt and the start of tokenized prompt+chosen. This may be due to unexpected tokenizer behavior, whitespace issues, or special token handling. Verify that the tokenizer is processing text consistently.
[RANK 0] Mismatch between tokenized prompt and the start of tokenized prompt+rejected. This may be due to unexpected tokenizer behavior, whitespace issues, or special token handling. Verify that the tokenizer is processing text consistently.
[RANK 0] Mismatch between tokenized prompt and the start of tokenized prompt+chosen. This may be due to unexpected tokenizer behavior, whitespace issues, or special token handling. Verify that the tokenizer is processing text consistently.
[RANK 0] Mismatch between tokenized prompt and the start of tokenized prompt+rejected. This may be due to unexpected tokenizer behavior, whitespace issues, or special token handling. Verify that the tokenizer is processing text consistently.
[RANK 0] Mismatch between tokenized prompt and the start of tokenized prompt+chosen. This may be due to unexpected tokenizer behavior, whitespace issues, or special token handling. Verify that the tokenizer is processing text consistently.
[RANK 0] Mismatch between tokenized prompt and the start of tokenized prompt+rejected. This may be due to unexpected tokenizer behavior, whitespace issues, or special token handling. Verify that the tokenizer is processing text consistently.
[RANK 0] Mismatch between tokenized prompt and the start of tokenized prompt+chosen. This may be due to unexpected tokenizer behavior, whitespace issues, or special token handling. Verify that the tokenizer is processing text consistently.
[RANK 0] Mismatch between tokenized prompt and the start of tokenized prompt+rejected. This may be due to unexpected tokenizer behavior, whitespace issues, or special token handling. Verify that the tokenizer is processing text consistently.
[RANK 0] Mismatch between tokenized prompt and the start of tokenized prompt+chosen. This may be due to unexpected tokenizer behavior, whitespace issues, or special token handling. Verify that the tokenizer is processing text consistently.
[RANK 0] Mismatch between tokenized prompt and the start of tokenized prompt+rejected. This may be due to unexpected tokenizer behavior, whitespace issues, or special token handling. Verify that the tokenizer is processing text consistently.
[RANK 0] Mismatch between tokenized prompt and the start of tokenized prompt+chosen. This may be due to unexpected tokenizer behavior, whitespace issues, or special token handling. Verify that the tokenizer is processing text consistently.
[RANK 0] Mismatch between tokenized prompt and the start of tokenized prompt+rejected. This may be due to unexpected tokenizer behavior, whitespace issues, or special token handling. Verify that the tokenizer is processing text consistently.
[RANK 0] Mismatch between tokenized prompt and the start of tokenized prompt+chosen. This may be due to unexpected tokenizer behavior, whitespace issues, or special token handling. Verify that the tokenizer is processing text consistently.
[RANK 0] Mismatch between tokenized prompt and the start of tokenized prompt+rejected. This may be due to unexpected tokenizer behavior, whitespace issues, or special token handling. Verify that the tokenizer is processing text consistently.
[RANK 0] Mismatch between tokenized prompt and the start of tokenized prompt+chosen. This may be due to unexpected tokenizer behavior, whitespace issues, or special token handling. Verify that the tokenizer is processing text consistently.
[RANK 0] Mismatch between tokenized prompt and the start of tokenized prompt+rejected. This may be due to unexpected tokenizer behavior, whitespace issues, or special token handling. Verify that the tokenizer is processing text consistently.
[RANK 0] Mismatch between tokenized prompt and the start of tokenized prompt+chosen. This may be due to unexpected tokenizer behavior, whitespace issues, or special token handling. Verify that the tokenizer is processing text consistently.
[RANK 0] Mismatch between tokenized prompt and the start of tokenized prompt+rejected. This may be due to unexpected tokenizer behavior, whitespace issues, or special token handling. Verify that the tokenizer is processing text consistently.
[RANK 0] Mismatch between tokenized prompt and the start of tokenized prompt+chosen. This may be due to unexpected tokenizer behavior, whitespace issues, or special token handling. Verify that the tokenizer is processing text consistently.
[RANK 0] Mismatch between tokenized prompt and the start of tokenized prompt+rejected. This may be due to unexpected tokenizer behavior, whitespace issues, or special token handling. Verify that the tokenizer is processing text consistently.
[RANK 0] Mismatch between tokenized prompt and the start of tokenized prompt+chosen. This may be due to unexpected tokenizer behavior, whitespace issues, or special token handling. Verify that the tokenizer is processing text consistently.
[RANK 0] Mismatch between tokenized prompt and the start of tokenized prompt+rejected. This may be due to unexpected tokenizer behavior, whitespace issues, or special token handling. Verify that the tokenizer is processing text consistently.
[RANK 0] Mismatch between tokenized prompt and the start of tokenized prompt+chosen. This may be due to unexpected tokenizer behavior, whitespace issues, or special token handling. Verify that the tokenizer is processing text consistently.
[RANK 0] Mismatch between tokenized prompt and the start of tokenized prompt+rejected. This may be due to unexpected tokenizer behavior, whitespace issues, or special token handling. Verify that the tokenizer is processing text consistently.
[RANK 0] Mismatch between tokenized prompt and the start of tokenized prompt+chosen. This may be due to unexpected tokenizer behavior, whitespace issues, or special token handling. Verify that the tokenizer is processing text consistently.
[RANK 0] Mismatch between tokenized prompt and the start of tokenized prompt+rejected. This may be due to unexpected tokenizer behavior, whitespace issues, or special token handling. Verify that the tokenizer is processing text consistently.
[RANK 0] Mismatch between tokenized prompt and the start of tokenized prompt+chosen. This may be due to unexpected tokenizer behavior, whitespace issues, or special token handling. Verify that the tokenizer is processing text consistently.
[RANK 0] Mismatch between tokenized prompt and the start of tokenized prompt+rejected. This may be due to unexpected tokenizer behavior, whitespace issues, or special token handling. Verify that the tokenizer is processing text consistently.
[RANK 0] Mismatch between tokenized prompt and the start of tokenized prompt+chosen. This may be due to unexpected tokenizer behavior, whitespace issues, or special token handling. Verify that the tokenizer is processing text consistently.
[RANK 0] Mismatch between tokenized prompt and the start of tokenized prompt+rejected. This may be due to unexpected tokenizer behavior, whitespace issues, or special token handling. Verify that the tokenizer is processing text consistently.
[RANK 0] Mismatch between tokenized prompt and the start of tokenized prompt+chosen. This may be due to unexpected tokenizer behavior, whitespace issues, or special token handling. Verify that the tokenizer is processing text consistently.
[RANK 0] Mismatch between tokenized prompt and the start of tokenized prompt+rejected. This may be due to unexpected tokenizer behavior, whitespace issues, or special token handling. Verify that the tokenizer is processing text consistently.
[RANK 0] Mismatch between tokenized prompt and the start of tokenized prompt+chosen. This may be due to unexpected tokenizer behavior, whitespace issues, or special token handling. Verify that the tokenizer is processing text consistently.
[RANK 0] Mismatch between tokenized prompt and the start of tokenized prompt+rejected. This may be due to unexpected tokenizer behavior, whitespace issues, or special token handling. Verify that the tokenizer is processing text consistently.
[RANK 0] Mismatch between tokenized prompt and the start of tokenized prompt+chosen. This may be due to unexpected tokenizer behavior, whitespace issues, or special token handling. Verify that the tokenizer is processing text consistently.
[RANK 0] Mismatch between tokenized prompt and the start of tokenized prompt+rejected. This may be due to unexpected tokenizer behavior, whitespace issues, or special token handling. Verify that the tokenizer is processing text consistently.
[RANK 0] Mismatch between tokenized prompt and the start of tokenized prompt+chosen. This may be due to unexpected tokenizer behavior, whitespace issues, or special token handling. Verify that the tokenizer is processing text consistently.
[RANK 0] Mismatch between tokenized prompt and the start of tokenized prompt+rejected. This may be due to unexpected tokenizer behavior, whitespace issues, or special token handling. Verify that the tokenizer is processing text consistently.
[RANK 0] Mismatch between tokenized prompt and the start of tokenized prompt+chosen. This may be due to unexpected tokenizer behavior, whitespace issues, or special token handling. Verify that the tokenizer is processing text consistently.
[RANK 0] Mismatch between tokenized prompt and the start of tokenized prompt+rejected. This may be due to unexpected tokenizer behavior, whitespace issues, or special token handling. Verify that the tokenizer is processing text consistently.
[RANK 0] Mismatch between tokenized prompt and the start of tokenized prompt+chosen. This may be due to unexpected tokenizer behavior, whitespace issues, or special token handling. Verify that the tokenizer is processing text consistently.
[RANK 0] Mismatch between tokenized prompt and the start of tokenized prompt+rejected. This may be due to unexpected tokenizer behavior, whitespace issues, or special token handling. Verify that the tokenizer is processing text consistently.
[RANK 0] Mismatch between tokenized prompt and the start of tokenized prompt+chosen. This may be due to unexpected tokenizer behavior, whitespace issues, or special token handling. Verify that the tokenizer is processing text consistently.
[RANK 0] Mismatch between tokenized prompt and the start of tokenized prompt+rejected. This may be due to unexpected tokenizer behavior, whitespace issues, or special token handling. Verify that the tokenizer is processing text consistently.
[RANK 0] Mismatch between tokenized prompt and the start of tokenized prompt+chosen. This may be due to unexpected tokenizer behavior, whitespace issues, or special token handling. Verify that the tokenizer is processing text consistently.
[RANK 0] Mismatch between tokenized prompt and the start of tokenized prompt+rejected. This may be due to unexpected tokenizer behavior, whitespace issues, or special token handling. Verify that the tokenizer is processing text consistently.
[RANK 0] Mismatch between tokenized prompt and the start of tokenized prompt+chosen. This may be due to unexpected tokenizer behavior, whitespace issues, or special token handling. Verify that the tokenizer is processing text consistently.
[RANK 0] Mismatch between tokenized prompt and the start of tokenized prompt+rejected. This may be due to unexpected tokenizer behavior, whitespace issues, or special token handling. Verify that the tokenizer is processing text consistently.
[RANK 0] Mismatch between tokenized prompt and the start of tokenized prompt+chosen. This may be due to unexpected tokenizer behavior, whitespace issues, or special token handling. Verify that the tokenizer is processing text consistently.
[RANK 0] Mismatch between tokenized prompt and the start of tokenized prompt+rejected. This may be due to unexpected tokenizer behavior, whitespace issues, or special token handling. Verify that the tokenizer is processing text consistently.
[RANK 0] Mismatch between tokenized prompt and the start of tokenized prompt+chosen. This may be due to unexpected tokenizer behavior, whitespace issues, or special token handling. Verify that the tokenizer is processing text consistently.
[RANK 0] Mismatch between tokenized prompt and the start of tokenized prompt+rejected. This may be due to unexpected tokenizer behavior, whitespace issues, or special token handling. Verify that the tokenizer is processing text consistently.
[RANK 0] Mismatch between tokenized prompt and the start of tokenized prompt+chosen. This may be due to unexpected tokenizer behavior, whitespace issues, or special token handling. Verify that the tokenizer is processing text consistently.
[RANK 0] Mismatch between tokenized prompt and the start of tokenized prompt+rejected. This may be due to unexpected tokenizer behavior, whitespace issues, or special token handling. Verify that the tokenizer is processing text consistently.
[RANK 0] Mismatch between tokenized prompt and the start of tokenized prompt+chosen. This may be due to unexpected tokenizer behavior, whitespace issues, or special token handling. Verify that the tokenizer is processing text consistently.
[RANK 0] Mismatch between tokenized prompt and the start of tokenized prompt+rejected. This may be due to unexpected tokenizer behavior, whitespace issues, or special token handling. Verify that the tokenizer is processing text consistently.
[RANK 0] Mismatch between tokenized prompt and the start of tokenized prompt+chosen. This may be due to unexpected tokenizer behavior, whitespace issues, or special token handling. Verify that the tokenizer is processing text consistently.
[RANK 0] Mismatch between tokenized prompt and the start of tokenized prompt+rejected. This may be due to unexpected tokenizer behavior, whitespace issues, or special token handling. Verify that the tokenizer is processing text consistently.
[RANK 0] Mismatch between tokenized prompt and the start of tokenized prompt+chosen. This may be due to unexpected tokenizer behavior, whitespace issues, or special token handling. Verify that the tokenizer is processing text consistently.
[RANK 0] Mismatch between tokenized prompt and the start of tokenized prompt+rejected. This may be due to unexpected tokenizer behavior, whitespace issues, or special token handling. Verify that the tokenizer is processing text consistently.
[RANK 0] Mismatch between tokenized prompt and the start of tokenized prompt+chosen. This may be due to unexpected tokenizer behavior, whitespace issues, or special token handling. Verify that the tokenizer is processing text consistently.
[RANK 0] Mismatch between tokenized prompt and the start of tokenized prompt+rejected. This may be due to unexpected tokenizer behavior, whitespace issues, or special token handling. Verify that the tokenizer is processing text consistently.
[RANK 0] Mismatch between tokenized prompt and the start of tokenized prompt+chosen. This may be due to unexpected tokenizer behavior, whitespace issues, or special token handling. Verify that the tokenizer is processing text consistently.
[RANK 0] Mismatch between tokenized prompt and the start of tokenized prompt+rejected. This may be due to unexpected tokenizer behavior, whitespace issues, or special token handling. Verify that the tokenizer is processing text consistently.
[RANK 0] Mismatch between tokenized prompt and the start of tokenized prompt+chosen. This may be due to unexpected tokenizer behavior, whitespace issues, or special token handling. Verify that the tokenizer is processing text consistently.
[RANK 0] Mismatch between tokenized prompt and the start of tokenized prompt+rejected. This may be due to unexpected tokenizer behavior, whitespace issues, or special token handling. Verify that the tokenizer is processing text consistently.
[RANK 0] Mismatch between tokenized prompt and the start of tokenized prompt+chosen. This may be due to unexpected tokenizer behavior, whitespace issues, or special token handling. Verify that the tokenizer is processing text consistently.
[RANK 0] Mismatch between tokenized prompt and the start of tokenized prompt+rejected. This may be due to unexpected tokenizer behavior, whitespace issues, or special token handling. Verify that the tokenizer is processing text consistently.
[RANK 0] Mismatch between tokenized prompt and the start of tokenized prompt+chosen. This may be due to unexpected tokenizer behavior, whitespace issues, or special token handling. Verify that the tokenizer is processing text consistently.
[RANK 0] Mismatch between tokenized prompt and the start of tokenized prompt+rejected. This may be due to unexpected tokenizer behavior, whitespace issues, or special token handling. Verify that the tokenizer is processing text consistently.
[RANK 0] Mismatch between tokenized prompt and the start of tokenized prompt+chosen. This may be due to unexpected tokenizer behavior, whitespace issues, or special token handling. Verify that the tokenizer is processing text consistently.
[RANK 0] Mismatch between tokenized prompt and the start of tokenized prompt+rejected. This may be due to unexpected tokenizer behavior, whitespace issues, or special token handling. Verify that the tokenizer is processing text consistently.
[RANK 0] Mismatch between tokenized prompt and the start of tokenized prompt+chosen. This may be due to unexpected tokenizer behavior, whitespace issues, or special token handling. Verify that the tokenizer is processing text consistently.
[RANK 0] Mismatch between tokenized prompt and the start of tokenized prompt+rejected. This may be due to unexpected tokenizer behavior, whitespace issues, or special token handling. Verify that the tokenizer is processing text consistently.
[RANK 0] Mismatch between tokenized prompt and the start of tokenized prompt+chosen. This may be due to unexpected tokenizer behavior, whitespace issues, or special token handling. Verify that the tokenizer is processing text consistently.
[RANK 0] Mismatch between tokenized prompt and the start of tokenized prompt+rejected. This may be due to unexpected tokenizer behavior, whitespace issues, or special token handling. Verify that the tokenizer is processing text consistently.
[RANK 0] Mismatch between tokenized prompt and the start of tokenized prompt+chosen. This may be due to unexpected tokenizer behavior, whitespace issues, or special token handling. Verify that the tokenizer is processing text consistently.
[RANK 0] Mismatch between tokenized prompt and the start of tokenized prompt+rejected. This may be due to unexpected tokenizer behavior, whitespace issues, or special token handling. Verify that the tokenizer is processing text consistently.
[RANK 0] Mismatch between tokenized prompt and the start of tokenized prompt+chosen. This may be due to unexpected tokenizer behavior, whitespace issues, or special token handling. Verify that the tokenizer is processing text consistently.
[RANK 0] Mismatch between tokenized prompt and the start of tokenized prompt+rejected. This may be due to unexpected tokenizer behavior, whitespace issues, or special token handling. Verify that the tokenizer is processing text consistently.
[RANK 0] Mismatch between tokenized prompt and the start of tokenized prompt+chosen. This may be due to unexpected tokenizer behavior, whitespace issues, or special token handling. Verify that the tokenizer is processing text consistently.
[RANK 0] Mismatch between tokenized prompt and the start of tokenized prompt+rejected. This may be due to unexpected tokenizer behavior, whitespace issues, or special token handling. Verify that the tokenizer is processing text consistently.
Tokenizing train dataset:  37%|███▋      | 94/255 [00:00<00:00, 920.00 examples/s][RANK 0] Mismatch between tokenized prompt and the start of tokenized prompt+chosen. This may be due to unexpected tokenizer behavior, whitespace issues, or special token handling. Verify that the tokenizer is processing text consistently.
[RANK 0] Mismatch between tokenized prompt and the start of tokenized prompt+rejected. This may be due to unexpected tokenizer behavior, whitespace issues, or special token handling. Verify that the tokenizer is processing text consistently.
[RANK 0] Mismatch between tokenized prompt and the start of tokenized prompt+chosen. This may be due to unexpected tokenizer behavior, whitespace issues, or special token handling. Verify that the tokenizer is processing text consistently.
[RANK 0] Mismatch between tokenized prompt and the start of tokenized prompt+rejected. This may be due to unexpected tokenizer behavior, whitespace issues, or special token handling. Verify that the tokenizer is processing text consistently.
[RANK 0] Mismatch between tokenized prompt and the start of tokenized prompt+chosen. This may be due to unexpected tokenizer behavior, whitespace issues, or special token handling. Verify that the tokenizer is processing text consistently.
[RANK 0] Mismatch between tokenized prompt and the start of tokenized prompt+rejected. This may be due to unexpected tokenizer behavior, whitespace issues, or special token handling. Verify that the tokenizer is processing text consistently.
[RANK 0] Mismatch between tokenized prompt and the start of tokenized prompt+chosen. This may be due to unexpected tokenizer behavior, whitespace issues, or special token handling. Verify that the tokenizer is processing text consistently.
[RANK 0] Mismatch between tokenized prompt and the start of tokenized prompt+chosen. This may be due to unexpected tokenizer behavior, whitespace issues, or special token handling. Verify that the tokenizer is processing text consistently.
[RANK 0] Mismatch between tokenized prompt and the start of tokenized prompt+rejected. This may be due to unexpected tokenizer behavior, whitespace issues, or special token handling. Verify that the tokenizer is processing text consistently.
[RANK 0] Mismatch between tokenized prompt and the start of tokenized prompt+chosen. This may be due to unexpected tokenizer behavior, whitespace issues, or special token handling. Verify that the tokenizer is processing text consistently.
[RANK 0] Mismatch between tokenized prompt and the start of tokenized prompt+rejected. This may be due to unexpected tokenizer behavior, whitespace issues, or special token handling. Verify that the tokenizer is processing text consistently.
[RANK 0] Mismatch between tokenized prompt and the start of tokenized prompt+chosen. This may be due to unexpected tokenizer behavior, whitespace issues, or special token handling. Verify that the tokenizer is processing text consistently.
[RANK 0] Mismatch between tokenized prompt and the start of tokenized prompt+rejected. This may be due to unexpected tokenizer behavior, whitespace issues, or special token handling. Verify that the tokenizer is processing text consistently.
[RANK 0] Mismatch between tokenized prompt and the start of tokenized prompt+chosen. This may be due to unexpected tokenizer behavior, whitespace issues, or special token handling. Verify that the tokenizer is processing text consistently.
[RANK 0] Mismatch between tokenized prompt and the start of tokenized prompt+rejected. This may be due to unexpected tokenizer behavior, whitespace issues, or special token handling. Verify that the tokenizer is processing text consistently.
[RANK 0] Mismatch between tokenized prompt and the start of tokenized prompt+chosen. This may be due to unexpected tokenizer behavior, whitespace issues, or special token handling. Verify that the tokenizer is processing text consistently.
[RANK 0] Mismatch between tokenized prompt and the start of tokenized prompt+rejected. This may be due to unexpected tokenizer behavior, whitespace issues, or special token handling. Verify that the tokenizer is processing text consistently.
[RANK 0] Mismatch between tokenized prompt and the start of tokenized prompt+chosen. This may be due to unexpected tokenizer behavior, whitespace issues, or special token handling. Verify that the tokenizer is processing text consistently.
[RANK 0] Mismatch between tokenized prompt and the start of tokenized prompt+rejected. This may be due to unexpected tokenizer behavior, whitespace issues, or special token handling. Verify that the tokenizer is processing text consistently.
[RANK 0] Mismatch between tokenized prompt and the start of tokenized prompt+chosen. This may be due to unexpected tokenizer behavior, whitespace issues, or special token handling. Verify that the tokenizer is processing text consistently.
[RANK 0] Mismatch between tokenized prompt and the start of tokenized prompt+rejected. This may be due to unexpected tokenizer behavior, whitespace issues, or special token handling. Verify that the tokenizer is processing text consistently.
[RANK 0] Mismatch between tokenized prompt and the start of tokenized prompt+chosen. This may be due to unexpected tokenizer behavior, whitespace issues, or special token handling. Verify that the tokenizer is processing text consistently.
[RANK 0] Mismatch between tokenized prompt and the start of tokenized prompt+rejected. This may be due to unexpected tokenizer behavior, whitespace issues, or special token handling. Verify that the tokenizer is processing text consistently.
[RANK 0] Mismatch between tokenized prompt and the start of tokenized prompt+chosen. This may be due to unexpected tokenizer behavior, whitespace issues, or special token handling. Verify that the tokenizer is processing text consistently.
[RANK 0] Mismatch between tokenized prompt and the start of tokenized prompt+rejected. This may be due to unexpected tokenizer behavior, whitespace issues, or special token handling. Verify that the tokenizer is processing text consistently.
[RANK 0] Mismatch between tokenized prompt and the start of tokenized prompt+chosen. This may be due to unexpected tokenizer behavior, whitespace issues, or special token handling. Verify that the tokenizer is processing text consistently.
[RANK 0] Mismatch between tokenized prompt and the start of tokenized prompt+rejected. This may be due to unexpected tokenizer behavior, whitespace issues, or special token handling. Verify that the tokenizer is processing text consistently.
[RANK 0] Mismatch between tokenized prompt and the start of tokenized prompt+chosen. This may be due to unexpected tokenizer behavior, whitespace issues, or special token handling. Verify that the tokenizer is processing text consistently.
[RANK 0] Mismatch between tokenized prompt and the start of tokenized prompt+rejected. This may be due to unexpected tokenizer behavior, whitespace issues, or special token handling. Verify that the tokenizer is processing text consistently.
[RANK 0] Mismatch between tokenized prompt and the start of tokenized prompt+chosen. This may be due to unexpected tokenizer behavior, whitespace issues, or special token handling. Verify that the tokenizer is processing text consistently.
[RANK 0] Mismatch between tokenized prompt and the start of tokenized prompt+rejected. This may be due to unexpected tokenizer behavior, whitespace issues, or special token handling. Verify that the tokenizer is processing text consistently.
[RANK 0] Mismatch between tokenized prompt and the start of tokenized prompt+chosen. This may be due to unexpected tokenizer behavior, whitespace issues, or special token handling. Verify that the tokenizer is processing text consistently.
[RANK 0] Mismatch between tokenized prompt and the start of tokenized prompt+rejected. This may be due to unexpected tokenizer behavior, whitespace issues, or special token handling. Verify that the tokenizer is processing text consistently.
[RANK 0] Mismatch between tokenized prompt and the start of tokenized prompt+chosen. This may be due to unexpected tokenizer behavior, whitespace issues, or special token handling. Verify that the tokenizer is processing text consistently.
[RANK 0] Mismatch between tokenized prompt and the start of tokenized prompt+rejected. This may be due to unexpected tokenizer behavior, whitespace issues, or special token handling. Verify that the tokenizer is processing text consistently.
[RANK 0] Mismatch between tokenized prompt and the start of tokenized prompt+chosen. This may be due to unexpected tokenizer behavior, whitespace issues, or special token handling. Verify that the tokenizer is processing text consistently.
[RANK 0] Mismatch between tokenized prompt and the start of tokenized prompt+rejected. This may be due to unexpected tokenizer behavior, whitespace issues, or special token handling. Verify that the tokenizer is processing text consistently.
[RANK 0] Mismatch between tokenized prompt and the start of tokenized prompt+chosen. This may be due to unexpected tokenizer behavior, whitespace issues, or special token handling. Verify that the tokenizer is processing text consistently.
[RANK 0] Mismatch between tokenized prompt and the start of tokenized prompt+rejected. This may be due to unexpected tokenizer behavior, whitespace issues, or special token handling. Verify that the tokenizer is processing text consistently.
[RANK 0] Mismatch between tokenized prompt and the start of tokenized prompt+chosen. This may be due to unexpected tokenizer behavior, whitespace issues, or special token handling. Verify that the tokenizer is processing text consistently.
[RANK 0] Mismatch between tokenized prompt and the start of tokenized prompt+rejected. This may be due to unexpected tokenizer behavior, whitespace issues, or special token handling. Verify that the tokenizer is processing text consistently.
[RANK 0] Mismatch between tokenized prompt and the start of tokenized prompt+chosen. This may be due to unexpected tokenizer behavior, whitespace issues, or special token handling. Verify that the tokenizer is processing text consistently.
[RANK 0] Mismatch between tokenized prompt and the start of tokenized prompt+rejected. This may be due to unexpected tokenizer behavior, whitespace issues, or special token handling. Verify that the tokenizer is processing text consistently.
[RANK 0] Mismatch between tokenized prompt and the start of tokenized prompt+chosen. This may be due to unexpected tokenizer behavior, whitespace issues, or special token handling. Verify that the tokenizer is processing text consistently.
[RANK 0] Mismatch between tokenized prompt and the start of tokenized prompt+rejected. This may be due to unexpected tokenizer behavior, whitespace issues, or special token handling. Verify that the tokenizer is processing text consistently.
[RANK 0] Mismatch between tokenized prompt and the start of tokenized prompt+chosen. This may be due to unexpected tokenizer behavior, whitespace issues, or special token handling. Verify that the tokenizer is processing text consistently.
[RANK 0] Mismatch between tokenized prompt and the start of tokenized prompt+chosen. This may be due to unexpected tokenizer behavior, whitespace issues, or special token handling. Verify that the tokenizer is processing text consistently.
[RANK 0] Mismatch between tokenized prompt and the start of tokenized prompt+rejected. This may be due to unexpected tokenizer behavior, whitespace issues, or special token handling. Verify that the tokenizer is processing text consistently.
[RANK 0] Mismatch between tokenized prompt and the start of tokenized prompt+chosen. This may be due to unexpected tokenizer behavior, whitespace issues, or special token handling. Verify that the tokenizer is processing text consistently.
[RANK 0] Mismatch between tokenized prompt and the start of tokenized prompt+rejected. This may be due to unexpected tokenizer behavior, whitespace issues, or special token handling. Verify that the tokenizer is processing text consistently.
[RANK 0] Mismatch between tokenized prompt and the start of tokenized prompt+chosen. This may be due to unexpected tokenizer behavior, whitespace issues, or special token handling. Verify that the tokenizer is processing text consistently.
[RANK 0] Mismatch between tokenized prompt and the start of tokenized prompt+rejected. This may be due to unexpected tokenizer behavior, whitespace issues, or special token handling. Verify that the tokenizer is processing text consistently.
[RANK 0] Mismatch between tokenized prompt and the start of tokenized prompt+chosen. This may be due to unexpected tokenizer behavior, whitespace issues, or special token handling. Verify that the tokenizer is processing text consistently.
[RANK 0] Mismatch between tokenized prompt and the start of tokenized prompt+rejected. This may be due to unexpected tokenizer behavior, whitespace issues, or special token handling. Verify that the tokenizer is processing text consistently.
[RANK 0] Mismatch between tokenized prompt and the start of tokenized prompt+chosen. This may be due to unexpected tokenizer behavior, whitespace issues, or special token handling. Verify that the tokenizer is processing text consistently.
[RANK 0] Mismatch between tokenized prompt and the start of tokenized prompt+rejected. This may be due to unexpected tokenizer behavior, whitespace issues, or special token handling. Verify that the tokenizer is processing text consistently.
[RANK 0] Mismatch between tokenized prompt and the start of tokenized prompt+chosen. This may be due to unexpected tokenizer behavior, whitespace issues, or special token handling. Verify that the tokenizer is processing text consistently.
[RANK 0] Mismatch between tokenized prompt and the start of tokenized prompt+rejected. This may be due to unexpected tokenizer behavior, whitespace issues, or special token handling. Verify that the tokenizer is processing text consistently.
[RANK 0] Mismatch between tokenized prompt and the start of tokenized prompt+chosen. This may be due to unexpected tokenizer behavior, whitespace issues, or special token handling. Verify that the tokenizer is processing text consistently.
[RANK 0] Mismatch between tokenized prompt and the start of tokenized prompt+rejected. This may be due to unexpected tokenizer behavior, whitespace issues, or special token handling. Verify that the tokenizer is processing text consistently.
[RANK 0] Mismatch between tokenized prompt and the start of tokenized prompt+chosen. This may be due to unexpected tokenizer behavior, whitespace issues, or special token handling. Verify that the tokenizer is processing text consistently.
[RANK 0] Mismatch between tokenized prompt and the start of tokenized prompt+rejected. This may be due to unexpected tokenizer behavior, whitespace issues, or special token handling. Verify that the tokenizer is processing text consistently.
[RANK 0] Mismatch between tokenized prompt and the start of tokenized prompt+chosen. This may be due to unexpected tokenizer behavior, whitespace issues, or special token handling. Verify that the tokenizer is processing text consistently.
[RANK 0] Mismatch between tokenized prompt and the start of tokenized prompt+rejected. This may be due to unexpected tokenizer behavior, whitespace issues, or special token handling. Verify that the tokenizer is processing text consistently.
[RANK 0] Mismatch between tokenized prompt and the start of tokenized prompt+chosen. This may be due to unexpected tokenizer behavior, whitespace issues, or special token handling. Verify that the tokenizer is processing text consistently.
[RANK 0] Mismatch between tokenized prompt and the start of tokenized prompt+rejected. This may be due to unexpected tokenizer behavior, whitespace issues, or special token handling. Verify that the tokenizer is processing text consistently.
[RANK 0] Mismatch between tokenized prompt and the start of tokenized prompt+chosen. This may be due to unexpected tokenizer behavior, whitespace issues, or special token handling. Verify that the tokenizer is processing text consistently.
[RANK 0] Mismatch between tokenized prompt and the start of tokenized prompt+rejected. This may be due to unexpected tokenizer behavior, whitespace issues, or special token handling. Verify that the tokenizer is processing text consistently.
[RANK 0] Mismatch between tokenized prompt and the start of tokenized prompt+chosen. This may be due to unexpected tokenizer behavior, whitespace issues, or special token handling. Verify that the tokenizer is processing text consistently.
[RANK 0] Mismatch between tokenized prompt and the start of tokenized prompt+rejected. This may be due to unexpected tokenizer behavior, whitespace issues, or special token handling. Verify that the tokenizer is processing text consistently.
[RANK 0] Mismatch between tokenized prompt and the start of tokenized prompt+chosen. This may be due to unexpected tokenizer behavior, whitespace issues, or special token handling. Verify that the tokenizer is processing text consistently.
[RANK 0] Mismatch between tokenized prompt and the start of tokenized prompt+rejected. This may be due to unexpected tokenizer behavior, whitespace issues, or special token handling. Verify that the tokenizer is processing text consistently.
[RANK 0] Mismatch between tokenized prompt and the start of tokenized prompt+chosen. This may be due to unexpected tokenizer behavior, whitespace issues, or special token handling. Verify that the tokenizer is processing text consistently.
[RANK 0] Mismatch between tokenized prompt and the start of tokenized prompt+rejected. This may be due to unexpected tokenizer behavior, whitespace issues, or special token handling. Verify that the tokenizer is processing text consistently.
[RANK 0] Mismatch between tokenized prompt and the start of tokenized prompt+chosen. This may be due to unexpected tokenizer behavior, whitespace issues, or special token handling. Verify that the tokenizer is processing text consistently.
[RANK 0] Mismatch between tokenized prompt and the start of tokenized prompt+rejected. This may be due to unexpected tokenizer behavior, whitespace issues, or special token handling. Verify that the tokenizer is processing text consistently.
[RANK 0] Mismatch between tokenized prompt and the start of tokenized prompt+chosen. This may be due to unexpected tokenizer behavior, whitespace issues, or special token handling. Verify that the tokenizer is processing text consistently.
[RANK 0] Mismatch between tokenized prompt and the start of tokenized prompt+rejected. This may be due to unexpected tokenizer behavior, whitespace issues, or special token handling. Verify that the tokenizer is processing text consistently.
[RANK 0] Mismatch between tokenized prompt and the start of tokenized prompt+chosen. This may be due to unexpected tokenizer behavior, whitespace issues, or special token handling. Verify that the tokenizer is processing text consistently.
[RANK 0] Mismatch between tokenized prompt and the start of tokenized prompt+rejected. This may be due to unexpected tokenizer behavior, whitespace issues, or special token handling. Verify that the tokenizer is processing text consistently.
[RANK 0] Mismatch between tokenized prompt and the start of tokenized prompt+chosen. This may be due to unexpected tokenizer behavior, whitespace issues, or special token handling. Verify that the tokenizer is processing text consistently.
[RANK 0] Mismatch between tokenized prompt and the start of tokenized prompt+rejected. This may be due to unexpected tokenizer behavior, whitespace issues, or special token handling. Verify that the tokenizer is processing text consistently.
[RANK 0] Mismatch between tokenized prompt and the start of tokenized prompt+chosen. This may be due to unexpected tokenizer behavior, whitespace issues, or special token handling. Verify that the tokenizer is processing text consistently.
[RANK 0] Mismatch between tokenized prompt and the start of tokenized prompt+rejected. This may be due to unexpected tokenizer behavior, whitespace issues, or special token handling. Verify that the tokenizer is processing text consistently.
[RANK 0] Mismatch between tokenized prompt and the start of tokenized prompt+chosen. This may be due to unexpected tokenizer behavior, whitespace issues, or special token handling. Verify that the tokenizer is processing text consistently.
[RANK 0] Mismatch between tokenized prompt and the start of tokenized prompt+rejected. This may be due to unexpected tokenizer behavior, whitespace issues, or special token handling. Verify that the tokenizer is processing text consistently.
[RANK 0] Mismatch between tokenized prompt and the start of tokenized prompt+chosen. This may be due to unexpected tokenizer behavior, whitespace issues, or special token handling. Verify that the tokenizer is processing text consistently.
[RANK 0] Mismatch between tokenized prompt and the start of tokenized prompt+rejected. This may be due to unexpected tokenizer behavior, whitespace issues, or special token handling. Verify that the tokenizer is processing text consistently.
[RANK 0] Mismatch between tokenized prompt and the start of tokenized prompt+chosen. This may be due to unexpected tokenizer behavior, whitespace issues, or special token handling. Verify that the tokenizer is processing text consistently.
[RANK 0] Mismatch between tokenized prompt and the start of tokenized prompt+rejected. This may be due to unexpected tokenizer behavior, whitespace issues, or special token handling. Verify that the tokenizer is processing text consistently.
[RANK 0] Mismatch between tokenized prompt and the start of tokenized prompt+chosen. This may be due to unexpected tokenizer behavior, whitespace issues, or special token handling. Verify that the tokenizer is processing text consistently.
[RANK 0] Mismatch between tokenized prompt and the start of tokenized prompt+rejected. This may be due to unexpected tokenizer behavior, whitespace issues, or special token handling. Verify that the tokenizer is processing text consistently.
[RANK 0] Mismatch between tokenized prompt and the start of tokenized prompt+chosen. This may be due to unexpected tokenizer behavior, whitespace issues, or special token handling. Verify that the tokenizer is processing text consistently.
[RANK 0] Mismatch between tokenized prompt and the start of tokenized prompt+rejected. This may be due to unexpected tokenizer behavior, whitespace issues, or special token handling. Verify that the tokenizer is processing text consistently.
[RANK 0] Mismatch between tokenized prompt and the start of tokenized prompt+chosen. This may be due to unexpected tokenizer behavior, whitespace issues, or special token handling. Verify that the tokenizer is processing text consistently.
[RANK 0] Mismatch between tokenized prompt and the start of tokenized prompt+rejected. This may be due to unexpected tokenizer behavior, whitespace issues, or special token handling. Verify that the tokenizer is processing text consistently.
[RANK 0] Mismatch between tokenized prompt and the start of tokenized prompt+chosen. This may be due to unexpected tokenizer behavior, whitespace issues, or special token handling. Verify that the tokenizer is processing text consistently.
[RANK 0] Mismatch between tokenized prompt and the start of tokenized prompt+rejected. This may be due to unexpected tokenizer behavior, whitespace issues, or special token handling. Verify that the tokenizer is processing text consistently.
[RANK 0] Mismatch between tokenized prompt and the start of tokenized prompt+chosen. This may be due to unexpected tokenizer behavior, whitespace issues, or special token handling. Verify that the tokenizer is processing text consistently.
[RANK 0] Mismatch between tokenized prompt and the start of tokenized prompt+rejected. This may be due to unexpected tokenizer behavior, whitespace issues, or special token handling. Verify that the tokenizer is processing text consistently.
[RANK 0] Mismatch between tokenized prompt and the start of tokenized prompt+chosen. This may be due to unexpected tokenizer behavior, whitespace issues, or special token handling. Verify that the tokenizer is processing text consistently.
[RANK 0] Mismatch between tokenized prompt and the start of tokenized prompt+rejected. This may be due to unexpected tokenizer behavior, whitespace issues, or special token handling. Verify that the tokenizer is processing text consistently.
[RANK 0] Mismatch between tokenized prompt and the start of tokenized prompt+chosen. This may be due to unexpected tokenizer behavior, whitespace issues, or special token handling. Verify that the tokenizer is processing text consistently.
[RANK 0] Mismatch between tokenized prompt and the start of tokenized prompt+rejected. This may be due to unexpected tokenizer behavior, whitespace issues, or special token handling. Verify that the tokenizer is processing text consistently.
[RANK 0] Mismatch between tokenized prompt and the start of tokenized prompt+chosen. This may be due to unexpected tokenizer behavior, whitespace issues, or special token handling. Verify that the tokenizer is processing text consistently.
[RANK 0] Mismatch between tokenized prompt and the start of tokenized prompt+rejected. This may be due to unexpected tokenizer behavior, whitespace issues, or special token handling. Verify that the tokenizer is processing text consistently.
[RANK 0] Mismatch between tokenized prompt and the start of tokenized prompt+chosen. This may be due to unexpected tokenizer behavior, whitespace issues, or special token handling. Verify that the tokenizer is processing text consistently.
[RANK 0] Mismatch between tokenized prompt and the start of tokenized prompt+rejected. This may be due to unexpected tokenizer behavior, whitespace issues, or special token handling. Verify that the tokenizer is processing text consistently.
[RANK 0] Mismatch between tokenized prompt and the start of tokenized prompt+chosen. This may be due to unexpected tokenizer behavior, whitespace issues, or special token handling. Verify that the tokenizer is processing text consistently.
[RANK 0] Mismatch between tokenized prompt and the start of tokenized prompt+rejected. This may be due to unexpected tokenizer behavior, whitespace issues, or special token handling. Verify that the tokenizer is processing text consistently.
[RANK 0] Mismatch between tokenized prompt and the start of tokenized prompt+chosen. This may be due to unexpected tokenizer behavior, whitespace issues, or special token handling. Verify that the tokenizer is processing text consistently.
[RANK 0] Mismatch between tokenized prompt and the start of tokenized prompt+rejected. This may be due to unexpected tokenizer behavior, whitespace issues, or special token handling. Verify that the tokenizer is processing text consistently.
[RANK 0] Mismatch between tokenized prompt and the start of tokenized prompt+chosen. This may be due to unexpected tokenizer behavior, whitespace issues, or special token handling. Verify that the tokenizer is processing text consistently.
[RANK 0] Mismatch between tokenized prompt and the start of tokenized prompt+rejected. This may be due to unexpected tokenizer behavior, whitespace issues, or special token handling. Verify that the tokenizer is processing text consistently.
[RANK 0] Mismatch between tokenized prompt and the start of tokenized prompt+chosen. This may be due to unexpected tokenizer behavior, whitespace issues, or special token handling. Verify that the tokenizer is processing text consistently.
[RANK 0] Mismatch between tokenized prompt and the start of tokenized prompt+rejected. This may be due to unexpected tokenizer behavior, whitespace issues, or special token handling. Verify that the tokenizer is processing text consistently.
[RANK 0] Mismatch between tokenized prompt and the start of tokenized prompt+chosen. This may be due to unexpected tokenizer behavior, whitespace issues, or special token handling. Verify that the tokenizer is processing text consistently.
[RANK 0] Mismatch between tokenized prompt and the start of tokenized prompt+rejected. This may be due to unexpected tokenizer behavior, whitespace issues, or special token handling. Verify that the tokenizer is processing text consistently.
[RANK 0] Mismatch between tokenized prompt and the start of tokenized prompt+chosen. This may be due to unexpected tokenizer behavior, whitespace issues, or special token handling. Verify that the tokenizer is processing text consistently.
[RANK 0] Mismatch between tokenized prompt and the start of tokenized prompt+rejected. This may be due to unexpected tokenizer behavior, whitespace issues, or special token handling. Verify that the tokenizer is processing text consistently.
[RANK 0] Mismatch between tokenized prompt and the start of tokenized prompt+chosen. This may be due to unexpected tokenizer behavior, whitespace issues, or special token handling. Verify that the tokenizer is processing text consistently.
[RANK 0] Mismatch between tokenized prompt and the start of tokenized prompt+rejected. This may be due to unexpected tokenizer behavior, whitespace issues, or special token handling. Verify that the tokenizer is processing text consistently.
[RANK 0] Mismatch between tokenized prompt and the start of tokenized prompt+chosen. This may be due to unexpected tokenizer behavior, whitespace issues, or special token handling. Verify that the tokenizer is processing text consistently.
[RANK 0] Mismatch between tokenized prompt and the start of tokenized prompt+rejected. This may be due to unexpected tokenizer behavior, whitespace issues, or special token handling. Verify that the tokenizer is processing text consistently.
[RANK 0] Mismatch between tokenized prompt and the start of tokenized prompt+chosen. This may be due to unexpected tokenizer behavior, whitespace issues, or special token handling. Verify that the tokenizer is processing text consistently.
[RANK 0] Mismatch between tokenized prompt and the start of tokenized prompt+rejected. This may be due to unexpected tokenizer behavior, whitespace issues, or special token handling. Verify that the tokenizer is processing text consistently.
[RANK 0] Mismatch between tokenized prompt and the start of tokenized prompt+chosen. This may be due to unexpected tokenizer behavior, whitespace issues, or special token handling. Verify that the tokenizer is processing text consistently.
[RANK 0] Mismatch between tokenized prompt and the start of tokenized prompt+rejected. This may be due to unexpected tokenizer behavior, whitespace issues, or special token handling. Verify that the tokenizer is processing text consistently.
[RANK 0] Mismatch between tokenized prompt and the start of tokenized prompt+chosen. This may be due to unexpected tokenizer behavior, whitespace issues, or special token handling. Verify that the tokenizer is processing text consistently.
[RANK 0] Mismatch between tokenized prompt and the start of tokenized prompt+rejected. This may be due to unexpected tokenizer behavior, whitespace issues, or special token handling. Verify that the tokenizer is processing text consistently.
[RANK 0] Mismatch between tokenized prompt and the start of tokenized prompt+chosen. This may be due to unexpected tokenizer behavior, whitespace issues, or special token handling. Verify that the tokenizer is processing text consistently.
[RANK 0] Mismatch between tokenized prompt and the start of tokenized prompt+rejected. This may be due to unexpected tokenizer behavior, whitespace issues, or special token handling. Verify that the tokenizer is processing text consistently.
[RANK 0] Mismatch between tokenized prompt and the start of tokenized prompt+chosen. This may be due to unexpected tokenizer behavior, whitespace issues, or special token handling. Verify that the tokenizer is processing text consistently.
[RANK 0] Mismatch between tokenized prompt and the start of tokenized prompt+rejected. This may be due to unexpected tokenizer behavior, whitespace issues, or special token handling. Verify that the tokenizer is processing text consistently.
[RANK 0] Mismatch between tokenized prompt and the start of tokenized prompt+chosen. This may be due to unexpected tokenizer behavior, whitespace issues, or special token handling. Verify that the tokenizer is processing text consistently.
[RANK 0] Mismatch between tokenized prompt and the start of tokenized prompt+rejected. This may be due to unexpected tokenizer behavior, whitespace issues, or special token handling. Verify that the tokenizer is processing text consistently.
[RANK 0] Mismatch between tokenized prompt and the start of tokenized prompt+chosen. This may be due to unexpected tokenizer behavior, whitespace issues, or special token handling. Verify that the tokenizer is processing text consistently.
[RANK 0] Mismatch between tokenized prompt and the start of tokenized prompt+rejected. This may be due to unexpected tokenizer behavior, whitespace issues, or special token handling. Verify that the tokenizer is processing text consistently.
[RANK 0] Mismatch between tokenized prompt and the start of tokenized prompt+chosen. This may be due to unexpected tokenizer behavior, whitespace issues, or special token handling. Verify that the tokenizer is processing text consistently.
[RANK 0] Mismatch between tokenized prompt and the start of tokenized prompt+rejected. This may be due to unexpected tokenizer behavior, whitespace issues, or special token handling. Verify that the tokenizer is processing text consistently.
[RANK 0] Mismatch between tokenized prompt and the start of tokenized prompt+chosen. This may be due to unexpected tokenizer behavior, whitespace issues, or special token handling. Verify that the tokenizer is processing text consistently.
[RANK 0] Mismatch between tokenized prompt and the start of tokenized prompt+rejected. This may be due to unexpected tokenizer behavior, whitespace issues, or special token handling. Verify that the tokenizer is processing text consistently.
[RANK 0] Mismatch between tokenized prompt and the start of tokenized prompt+chosen. This may be due to unexpected tokenizer behavior, whitespace issues, or special token handling. Verify that the tokenizer is processing text consistently.
[RANK 0] Mismatch between tokenized prompt and the start of tokenized prompt+rejected. This may be due to unexpected tokenizer behavior, whitespace issues, or special token handling. Verify that the tokenizer is processing text consistently.
[RANK 0] Mismatch between tokenized prompt and the start of tokenized prompt+chosen. This may be due to unexpected tokenizer behavior, whitespace issues, or special token handling. Verify that the tokenizer is processing text consistently.
[RANK 0] Mismatch between tokenized prompt and the start of tokenized prompt+rejected. This may be due to unexpected tokenizer behavior, whitespace issues, or special token handling. Verify that the tokenizer is processing text consistently.
Tokenizing train dataset:  74%|███████▍  | 189/255 [00:00<00:00, 926.94 examples/s][RANK 0] Mismatch between tokenized prompt and the start of tokenized prompt+chosen. This may be due to unexpected tokenizer behavior, whitespace issues, or special token handling. Verify that the tokenizer is processing text consistently.
[RANK 0] Mismatch between tokenized prompt and the start of tokenized prompt+rejected. This may be due to unexpected tokenizer behavior, whitespace issues, or special token handling. Verify that the tokenizer is processing text consistently.
[RANK 0] Mismatch between tokenized prompt and the start of tokenized prompt+chosen. This may be due to unexpected tokenizer behavior, whitespace issues, or special token handling. Verify that the tokenizer is processing text consistently.
[RANK 0] Mismatch between tokenized prompt and the start of tokenized prompt+rejected. This may be due to unexpected tokenizer behavior, whitespace issues, or special token handling. Verify that the tokenizer is processing text consistently.
[RANK 0] Mismatch between tokenized prompt and the start of tokenized prompt+chosen. This may be due to unexpected tokenizer behavior, whitespace issues, or special token handling. Verify that the tokenizer is processing text consistently.
[RANK 0] Mismatch between tokenized prompt and the start of tokenized prompt+rejected. This may be due to unexpected tokenizer behavior, whitespace issues, or special token handling. Verify that the tokenizer is processing text consistently.
[RANK 0] Mismatch between tokenized prompt and the start of tokenized prompt+chosen. This may be due to unexpected tokenizer behavior, whitespace issues, or special token handling. Verify that the tokenizer is processing text consistently.
[RANK 0] Mismatch between tokenized prompt and the start of tokenized prompt+rejected. This may be due to unexpected tokenizer behavior, whitespace issues, or special token handling. Verify that the tokenizer is processing text consistently.
[RANK 0] Mismatch between tokenized prompt and the start of tokenized prompt+chosen. This may be due to unexpected tokenizer behavior, whitespace issues, or special token handling. Verify that the tokenizer is processing text consistently.
[RANK 0] Mismatch between tokenized prompt and the start of tokenized prompt+rejected. This may be due to unexpected tokenizer behavior, whitespace issues, or special token handling. Verify that the tokenizer is processing text consistently.
[RANK 0] Mismatch between tokenized prompt and the start of tokenized prompt+chosen. This may be due to unexpected tokenizer behavior, whitespace issues, or special token handling. Verify that the tokenizer is processing text consistently.
[RANK 0] Mismatch between tokenized prompt and the start of tokenized prompt+rejected. This may be due to unexpected tokenizer behavior, whitespace issues, or special token handling. Verify that the tokenizer is processing text consistently.
[RANK 0] Mismatch between tokenized prompt and the start of tokenized prompt+chosen. This may be due to unexpected tokenizer behavior, whitespace issues, or special token handling. Verify that the tokenizer is processing text consistently.
[RANK 0] Mismatch between tokenized prompt and the start of tokenized prompt+rejected. This may be due to unexpected tokenizer behavior, whitespace issues, or special token handling. Verify that the tokenizer is processing text consistently.
[RANK 0] Mismatch between tokenized prompt and the start of tokenized prompt+chosen. This may be due to unexpected tokenizer behavior, whitespace issues, or special token handling. Verify that the tokenizer is processing text consistently.
[RANK 0] Mismatch between tokenized prompt and the start of tokenized prompt+rejected. This may be due to unexpected tokenizer behavior, whitespace issues, or special token handling. Verify that the tokenizer is processing text consistently.
[RANK 0] Mismatch between tokenized prompt and the start of tokenized prompt+chosen. This may be due to unexpected tokenizer behavior, whitespace issues, or special token handling. Verify that the tokenizer is processing text consistently.
[RANK 0] Mismatch between tokenized prompt and the start of tokenized prompt+rejected. This may be due to unexpected tokenizer behavior, whitespace issues, or special token handling. Verify that the tokenizer is processing text consistently.
[RANK 0] Mismatch between tokenized prompt and the start of tokenized prompt+chosen. This may be due to unexpected tokenizer behavior, whitespace issues, or special token handling. Verify that the tokenizer is processing text consistently.
[RANK 0] Mismatch between tokenized prompt and the start of tokenized prompt+rejected. This may be due to unexpected tokenizer behavior, whitespace issues, or special token handling. Verify that the tokenizer is processing text consistently.
[RANK 0] Mismatch between tokenized prompt and the start of tokenized prompt+chosen. This may be due to unexpected tokenizer behavior, whitespace issues, or special token handling. Verify that the tokenizer is processing text consistently.
[RANK 0] Mismatch between tokenized prompt and the start of tokenized prompt+rejected. This may be due to unexpected tokenizer behavior, whitespace issues, or special token handling. Verify that the tokenizer is processing text consistently.
[RANK 0] Mismatch between tokenized prompt and the start of tokenized prompt+chosen. This may be due to unexpected tokenizer behavior, whitespace issues, or special token handling. Verify that the tokenizer is processing text consistently.
[RANK 0] Mismatch between tokenized prompt and the start of tokenized prompt+rejected. This may be due to unexpected tokenizer behavior, whitespace issues, or special token handling. Verify that the tokenizer is processing text consistently.
[RANK 0] Mismatch between tokenized prompt and the start of tokenized prompt+chosen. This may be due to unexpected tokenizer behavior, whitespace issues, or special token handling. Verify that the tokenizer is processing text consistently.
[RANK 0] Mismatch between tokenized prompt and the start of tokenized prompt+rejected. This may be due to unexpected tokenizer behavior, whitespace issues, or special token handling. Verify that the tokenizer is processing text consistently.
[RANK 0] Mismatch between tokenized prompt and the start of tokenized prompt+chosen. This may be due to unexpected tokenizer behavior, whitespace issues, or special token handling. Verify that the tokenizer is processing text consistently.
[RANK 0] Mismatch between tokenized prompt and the start of tokenized prompt+rejected. This may be due to unexpected tokenizer behavior, whitespace issues, or special token handling. Verify that the tokenizer is processing text consistently.
[RANK 0] Mismatch between tokenized prompt and the start of tokenized prompt+chosen. This may be due to unexpected tokenizer behavior, whitespace issues, or special token handling. Verify that the tokenizer is processing text consistently.
[RANK 0] Mismatch between tokenized prompt and the start of tokenized prompt+rejected. This may be due to unexpected tokenizer behavior, whitespace issues, or special token handling. Verify that the tokenizer is processing text consistently.
[RANK 0] Mismatch between tokenized prompt and the start of tokenized prompt+chosen. This may be due to unexpected tokenizer behavior, whitespace issues, or special token handling. Verify that the tokenizer is processing text consistently.
[RANK 0] Mismatch between tokenized prompt and the start of tokenized prompt+rejected. This may be due to unexpected tokenizer behavior, whitespace issues, or special token handling. Verify that the tokenizer is processing text consistently.
[RANK 0] Mismatch between tokenized prompt and the start of tokenized prompt+chosen. This may be due to unexpected tokenizer behavior, whitespace issues, or special token handling. Verify that the tokenizer is processing text consistently.
[RANK 0] Mismatch between tokenized prompt and the start of tokenized prompt+rejected. This may be due to unexpected tokenizer behavior, whitespace issues, or special token handling. Verify that the tokenizer is processing text consistently.
[RANK 0] Mismatch between tokenized prompt and the start of tokenized prompt+chosen. This may be due to unexpected tokenizer behavior, whitespace issues, or special token handling. Verify that the tokenizer is processing text consistently.
[RANK 0] Mismatch between tokenized prompt and the start of tokenized prompt+rejected. This may be due to unexpected tokenizer behavior, whitespace issues, or special token handling. Verify that the tokenizer is processing text consistently.
[RANK 0] Mismatch between tokenized prompt and the start of tokenized prompt+chosen. This may be due to unexpected tokenizer behavior, whitespace issues, or special token handling. Verify that the tokenizer is processing text consistently.
[RANK 0] Mismatch between tokenized prompt and the start of tokenized prompt+rejected. This may be due to unexpected tokenizer behavior, whitespace issues, or special token handling. Verify that the tokenizer is processing text consistently.
[RANK 0] Mismatch between tokenized prompt and the start of tokenized prompt+chosen. This may be due to unexpected tokenizer behavior, whitespace issues, or special token handling. Verify that the tokenizer is processing text consistently.
[RANK 0] Mismatch between tokenized prompt and the start of tokenized prompt+rejected. This may be due to unexpected tokenizer behavior, whitespace issues, or special token handling. Verify that the tokenizer is processing text consistently.
[RANK 0] Mismatch between tokenized prompt and the start of tokenized prompt+chosen. This may be due to unexpected tokenizer behavior, whitespace issues, or special token handling. Verify that the tokenizer is processing text consistently.
[RANK 0] Mismatch between tokenized prompt and the start of tokenized prompt+rejected. This may be due to unexpected tokenizer behavior, whitespace issues, or special token handling. Verify that the tokenizer is processing text consistently.
[RANK 0] Mismatch between tokenized prompt and the start of tokenized prompt+chosen. This may be due to unexpected tokenizer behavior, whitespace issues, or special token handling. Verify that the tokenizer is processing text consistently.
[RANK 0] Mismatch between tokenized prompt and the start of tokenized prompt+rejected. This may be due to unexpected tokenizer behavior, whitespace issues, or special token handling. Verify that the tokenizer is processing text consistently.
[RANK 0] Mismatch between tokenized prompt and the start of tokenized prompt+chosen. This may be due to unexpected tokenizer behavior, whitespace issues, or special token handling. Verify that the tokenizer is processing text consistently.
[RANK 0] Mismatch between tokenized prompt and the start of tokenized prompt+rejected. This may be due to unexpected tokenizer behavior, whitespace issues, or special token handling. Verify that the tokenizer is processing text consistently.
[RANK 0] Mismatch between tokenized prompt and the start of tokenized prompt+chosen. This may be due to unexpected tokenizer behavior, whitespace issues, or special token handling. Verify that the tokenizer is processing text consistently.
[RANK 0] Mismatch between tokenized prompt and the start of tokenized prompt+rejected. This may be due to unexpected tokenizer behavior, whitespace issues, or special token handling. Verify that the tokenizer is processing text consistently.
[RANK 0] Mismatch between tokenized prompt and the start of tokenized prompt+chosen. This may be due to unexpected tokenizer behavior, whitespace issues, or special token handling. Verify that the tokenizer is processing text consistently.
[RANK 0] Mismatch between tokenized prompt and the start of tokenized prompt+rejected. This may be due to unexpected tokenizer behavior, whitespace issues, or special token handling. Verify that the tokenizer is processing text consistently.
[RANK 0] Mismatch between tokenized prompt and the start of tokenized prompt+chosen. This may be due to unexpected tokenizer behavior, whitespace issues, or special token handling. Verify that the tokenizer is processing text consistently.
[RANK 0] Mismatch between tokenized prompt and the start of tokenized prompt+rejected. This may be due to unexpected tokenizer behavior, whitespace issues, or special token handling. Verify that the tokenizer is processing text consistently.
[RANK 0] Mismatch between tokenized prompt and the start of tokenized prompt+chosen. This may be due to unexpected tokenizer behavior, whitespace issues, or special token handling. Verify that the tokenizer is processing text consistently.
[RANK 0] Mismatch between tokenized prompt and the start of tokenized prompt+rejected. This may be due to unexpected tokenizer behavior, whitespace issues, or special token handling. Verify that the tokenizer is processing text consistently.
[RANK 0] Mismatch between tokenized prompt and the start of tokenized prompt+chosen. This may be due to unexpected tokenizer behavior, whitespace issues, or special token handling. Verify that the tokenizer is processing text consistently.
[RANK 0] Mismatch between tokenized prompt and the start of tokenized prompt+rejected. This may be due to unexpected tokenizer behavior, whitespace issues, or special token handling. Verify that the tokenizer is processing text consistently.
[RANK 0] Mismatch between tokenized prompt and the start of tokenized prompt+chosen. This may be due to unexpected tokenizer behavior, whitespace issues, or special token handling. Verify that the tokenizer is processing text consistently.
[RANK 0] Mismatch between tokenized prompt and the start of tokenized prompt+rejected. This may be due to unexpected tokenizer behavior, whitespace issues, or special token handling. Verify that the tokenizer is processing text consistently.
[RANK 0] Mismatch between tokenized prompt and the start of tokenized prompt+chosen. This may be due to unexpected tokenizer behavior, whitespace issues, or special token handling. Verify that the tokenizer is processing text consistently.
[RANK 0] Mismatch between tokenized prompt and the start of tokenized prompt+rejected. This may be due to unexpected tokenizer behavior, whitespace issues, or special token handling. Verify that the tokenizer is processing text consistently.
[RANK 0] Mismatch between tokenized prompt and the start of tokenized prompt+chosen. This may be due to unexpected tokenizer behavior, whitespace issues, or special token handling. Verify that the tokenizer is processing text consistently.
[RANK 0] Mismatch between tokenized prompt and the start of tokenized prompt+rejected. This may be due to unexpected tokenizer behavior, whitespace issues, or special token handling. Verify that the tokenizer is processing text consistently.
[RANK 0] Mismatch between tokenized prompt and the start of tokenized prompt+chosen. This may be due to unexpected tokenizer behavior, whitespace issues, or special token handling. Verify that the tokenizer is processing text consistently.
[RANK 0] Mismatch between tokenized prompt and the start of tokenized prompt+rejected. This may be due to unexpected tokenizer behavior, whitespace issues, or special token handling. Verify that the tokenizer is processing text consistently.
[RANK 0] Mismatch between tokenized prompt and the start of tokenized prompt+chosen. This may be due to unexpected tokenizer behavior, whitespace issues, or special token handling. Verify that the tokenizer is processing text consistently.
[RANK 0] Mismatch between tokenized prompt and the start of tokenized prompt+rejected. This may be due to unexpected tokenizer behavior, whitespace issues, or special token handling. Verify that the tokenizer is processing text consistently.
[RANK 0] Mismatch between tokenized prompt and the start of tokenized prompt+chosen. This may be due to unexpected tokenizer behavior, whitespace issues, or special token handling. Verify that the tokenizer is processing text consistently.
[RANK 0] Mismatch between tokenized prompt and the start of tokenized prompt+rejected. This may be due to unexpected tokenizer behavior, whitespace issues, or special token handling. Verify that the tokenizer is processing text consistently.
[RANK 0] Mismatch between tokenized prompt and the start of tokenized prompt+chosen. This may be due to unexpected tokenizer behavior, whitespace issues, or special token handling. Verify that the tokenizer is processing text consistently.
[RANK 0] Mismatch between tokenized prompt and the start of tokenized prompt+rejected. This may be due to unexpected tokenizer behavior, whitespace issues, or special token handling. Verify that the tokenizer is processing text consistently.
[RANK 0] Mismatch between tokenized prompt and the start of tokenized prompt+chosen. This may be due to unexpected tokenizer behavior, whitespace issues, or special token handling. Verify that the tokenizer is processing text consistently.
[RANK 0] Mismatch between tokenized prompt and the start of tokenized prompt+rejected. This may be due to unexpected tokenizer behavior, whitespace issues, or special token handling. Verify that the tokenizer is processing text consistently.
[RANK 0] Mismatch between tokenized prompt and the start of tokenized prompt+chosen. This may be due to unexpected tokenizer behavior, whitespace issues, or special token handling. Verify that the tokenizer is processing text consistently.
[RANK 0] Mismatch between tokenized prompt and the start of tokenized prompt+rejected. This may be due to unexpected tokenizer behavior, whitespace issues, or special token handling. Verify that the tokenizer is processing text consistently.
[RANK 0] Mismatch between tokenized prompt and the start of tokenized prompt+chosen. This may be due to unexpected tokenizer behavior, whitespace issues, or special token handling. Verify that the tokenizer is processing text consistently.
[RANK 0] Mismatch between tokenized prompt and the start of tokenized prompt+rejected. This may be due to unexpected tokenizer behavior, whitespace issues, or special token handling. Verify that the tokenizer is processing text consistently.
[RANK 0] Mismatch between tokenized prompt and the start of tokenized prompt+chosen. This may be due to unexpected tokenizer behavior, whitespace issues, or special token handling. Verify that the tokenizer is processing text consistently.
[RANK 0] Mismatch between tokenized prompt and the start of tokenized prompt+rejected. This may be due to unexpected tokenizer behavior, whitespace issues, or special token handling. Verify that the tokenizer is processing text consistently.
[RANK 0] Mismatch between tokenized prompt and the start of tokenized prompt+chosen. This may be due to unexpected tokenizer behavior, whitespace issues, or special token handling. Verify that the tokenizer is processing text consistently.
[RANK 0] Mismatch between tokenized prompt and the start of tokenized prompt+rejected. This may be due to unexpected tokenizer behavior, whitespace issues, or special token handling. Verify that the tokenizer is processing text consistently.
[RANK 0] Mismatch between tokenized prompt and the start of tokenized prompt+chosen. This may be due to unexpected tokenizer behavior, whitespace issues, or special token handling. Verify that the tokenizer is processing text consistently.
[RANK 0] Mismatch between tokenized prompt and the start of tokenized prompt+rejected. This may be due to unexpected tokenizer behavior, whitespace issues, or special token handling. Verify that the tokenizer is processing text consistently.
[RANK 0] Mismatch between tokenized prompt and the start of tokenized prompt+chosen. This may be due to unexpected tokenizer behavior, whitespace issues, or special token handling. Verify that the tokenizer is processing text consistently.
[RANK 0] Mismatch between tokenized prompt and the start of tokenized prompt+rejected. This may be due to unexpected tokenizer behavior, whitespace issues, or special token handling. Verify that the tokenizer is processing text consistently.
[RANK 0] Mismatch between tokenized prompt and the start of tokenized prompt+chosen. This may be due to unexpected tokenizer behavior, whitespace issues, or special token handling. Verify that the tokenizer is processing text consistently.
[RANK 0] Mismatch between tokenized prompt and the start of tokenized prompt+rejected. This may be due to unexpected tokenizer behavior, whitespace issues, or special token handling. Verify that the tokenizer is processing text consistently.
[RANK 0] Mismatch between tokenized prompt and the start of tokenized prompt+chosen. This may be due to unexpected tokenizer behavior, whitespace issues, or special token handling. Verify that the tokenizer is processing text consistently.
[RANK 0] Mismatch between tokenized prompt and the start of tokenized prompt+rejected. This may be due to unexpected tokenizer behavior, whitespace issues, or special token handling. Verify that the tokenizer is processing text consistently.
[RANK 0] Mismatch between tokenized prompt and the start of tokenized prompt+chosen. This may be due to unexpected tokenizer behavior, whitespace issues, or special token handling. Verify that the tokenizer is processing text consistently.
[RANK 0] Mismatch between tokenized prompt and the start of tokenized prompt+rejected. This may be due to unexpected tokenizer behavior, whitespace issues, or special token handling. Verify that the tokenizer is processing text consistently.
[RANK 0] Mismatch between tokenized prompt and the start of tokenized prompt+chosen. This may be due to unexpected tokenizer behavior, whitespace issues, or special token handling. Verify that the tokenizer is processing text consistently.
[RANK 0] Mismatch between tokenized prompt and the start of tokenized prompt+rejected. This may be due to unexpected tokenizer behavior, whitespace issues, or special token handling. Verify that the tokenizer is processing text consistently.
[RANK 0] Mismatch between tokenized prompt and the start of tokenized prompt+chosen. This may be due to unexpected tokenizer behavior, whitespace issues, or special token handling. Verify that the tokenizer is processing text consistently.
[RANK 0] Mismatch between tokenized prompt and the start of tokenized prompt+rejected. This may be due to unexpected tokenizer behavior, whitespace issues, or special token handling. Verify that the tokenizer is processing text consistently.
[RANK 0] Mismatch between tokenized prompt and the start of tokenized prompt+chosen. This may be due to unexpected tokenizer behavior, whitespace issues, or special token handling. Verify that the tokenizer is processing text consistently.
[RANK 0] Mismatch between tokenized prompt and the start of tokenized prompt+rejected. This may be due to unexpected tokenizer behavior, whitespace issues, or special token handling. Verify that the tokenizer is processing text consistently.
[RANK 0] Mismatch between tokenized prompt and the start of tokenized prompt+chosen. This may be due to unexpected tokenizer behavior, whitespace issues, or special token handling. Verify that the tokenizer is processing text consistently.
[RANK 0] Mismatch between tokenized prompt and the start of tokenized prompt+rejected. This may be due to unexpected tokenizer behavior, whitespace issues, or special token handling. Verify that the tokenizer is processing text consistently.
[RANK 0] Mismatch between tokenized prompt and the start of tokenized prompt+chosen. This may be due to unexpected tokenizer behavior, whitespace issues, or special token handling. Verify that the tokenizer is processing text consistently.
[RANK 0] Mismatch between tokenized prompt and the start of tokenized prompt+rejected. This may be due to unexpected tokenizer behavior, whitespace issues, or special token handling. Verify that the tokenizer is processing text consistently.
[RANK 0] Mismatch between tokenized prompt and the start of tokenized prompt+chosen. This may be due to unexpected tokenizer behavior, whitespace issues, or special token handling. Verify that the tokenizer is processing text consistently.
[RANK 0] Mismatch between tokenized prompt and the start of tokenized prompt+rejected. This may be due to unexpected tokenizer behavior, whitespace issues, or special token handling. Verify that the tokenizer is processing text consistently.
[RANK 0] Mismatch between tokenized prompt and the start of tokenized prompt+chosen. This may be due to unexpected tokenizer behavior, whitespace issues, or special token handling. Verify that the tokenizer is processing text consistently.
[RANK 0] Mismatch between tokenized prompt and the start of tokenized prompt+rejected. This may be due to unexpected tokenizer behavior, whitespace issues, or special token handling. Verify that the tokenizer is processing text consistently.
[RANK 0] Mismatch between tokenized prompt and the start of tokenized prompt+chosen. This may be due to unexpected tokenizer behavior, whitespace issues, or special token handling. Verify that the tokenizer is processing text consistently.
[RANK 0] Mismatch between tokenized prompt and the start of tokenized prompt+rejected. This may be due to unexpected tokenizer behavior, whitespace issues, or special token handling. Verify that the tokenizer is processing text consistently.
[RANK 0] Mismatch between tokenized prompt and the start of tokenized prompt+chosen. This may be due to unexpected tokenizer behavior, whitespace issues, or special token handling. Verify that the tokenizer is processing text consistently.
[RANK 0] Mismatch between tokenized prompt and the start of tokenized prompt+rejected. This may be due to unexpected tokenizer behavior, whitespace issues, or special token handling. Verify that the tokenizer is processing text consistently.
[RANK 0] Mismatch between tokenized prompt and the start of tokenized prompt+chosen. This may be due to unexpected tokenizer behavior, whitespace issues, or special token handling. Verify that the tokenizer is processing text consistently.
[RANK 0] Mismatch between tokenized prompt and the start of tokenized prompt+rejected. This may be due to unexpected tokenizer behavior, whitespace issues, or special token handling. Verify that the tokenizer is processing text consistently.
[RANK 0] Mismatch between tokenized prompt and the start of tokenized prompt+chosen. This may be due to unexpected tokenizer behavior, whitespace issues, or special token handling. Verify that the tokenizer is processing text consistently.
[RANK 0] Mismatch between tokenized prompt and the start of tokenized prompt+rejected. This may be due to unexpected tokenizer behavior, whitespace issues, or special token handling. Verify that the tokenizer is processing text consistently.
[RANK 0] Mismatch between tokenized prompt and the start of tokenized prompt+chosen. This may be due to unexpected tokenizer behavior, whitespace issues, or special token handling. Verify that the tokenizer is processing text consistently.
[RANK 0] Mismatch between tokenized prompt and the start of tokenized prompt+rejected. This may be due to unexpected tokenizer behavior, whitespace issues, or special token handling. Verify that the tokenizer is processing text consistently.
Tokenizing train dataset: 100%|██████████| 255/255 [00:00<00:00, 882.49 examples/s]
Training...
[transformers] The tokenizer has new PAD/BOS/EOS tokens that differ from the model config and generation config. The model config and generation config were aligned accordingly, being updated with the tokenizer's values. Updated tokens: {'bos_token_id': None, 'pad_token_id': 151643}.
  0%|          | 0/16 [00:00<?, ?it/s]  6%|▋         | 1/16 [00:05<01:25,  5.68s/it] 12%|█▎        | 2/16 [00:10<01:14,  5.32s/it] 19%|█▉        | 3/16 [00:15<01:08,  5.27s/it] 25%|██▌       | 4/16 [00:20<01:01,  5.10s/it] 31%|███▏      | 5/16 [00:26<00:56,  5.15s/it] 38%|███▊      | 6/16 [00:30<00:50,  5.06s/it] 44%|████▍     | 7/16 [00:35<00:45,  5.00s/it] 50%|█████     | 8/16 [00:41<00:41,  5.13s/it] 56%|█████▋    | 9/16 [00:46<00:36,  5.15s/it] 62%|██████▎   | 10/16 [00:51<00:30,  5.15s/it]                                               {'loss': '0.8883', 'grad_norm': '3.602', 'learning_rate': '2.239e-05', 'entropy': '2.621', 'num_tokens': '8.468e+04', 'logits/chosen': '1.939', 'logits/rejected': '1.915', 'mean_token_accuracy': '0.3827', 'rewards/chosen': '-0.8011', 'rewards/rejected': '-0.6416', 'rewards/accuracies': '0.4313', 'rewards/margins': '-0.1595', 'logps/chosen': '-294.2', 'logps/rejected': '-255.4', 'epoch': '0.6275'}
 62%|██████▎   | 10/16 [00:51<00:30,  5.15s/it] 69%|██████▉   | 11/16 [00:56<00:25,  5.02s/it] 75%|███████▌  | 12/16 [01:00<00:19,  4.91s/it] 81%|████████▏ | 13/16 [01:05<00:14,  4.95s/it] 88%|████████▊ | 14/16 [01:11<00:10,  5.06s/it] 94%|█████████▍| 15/16 [01:16<00:05,  5.04s/it]100%|██████████| 16/16 [01:20<00:00,  4.93s/it]                                               {'train_runtime': '81.31', 'train_samples_per_second': '3.136', 'train_steps_per_second': '0.197', 'train_loss': '0.8735', 'entropy': '2.636', 'num_tokens': '1.335e+05', 'logits/chosen': '1.928', 'logits/rejected': '1.942', 'mean_token_accuracy': '0.3795', 'rewards/chosen': '-0.6496', 'rewards/rejected': '-0.5133', 'rewards/accuracies': '0.4737', 'rewards/margins': '-0.1363', 'logps/chosen': '-288', 'logps/rejected': '-232.4', 'epoch': '1'}
100%|██████████| 16/16 [01:21<00:00,  4.93s/it]100%|██████████| 16/16 [01:21<00:00,  5.08s/it]
  Adapter saved to outputs/adapters/divpo_v2_1p5b/contrarian

All done.
