
[2026-06-02T15:24:50+00:00] Scaling validation started on instance 39141905

[2026-06-02T15:24:50+00:00] START remote_unit_tests

[2026-06-02T15:24:50+00:00] DONE remote_unit_tests

[2026-06-02T15:24:50+00:00] START qwen25_3b_generate_automated

[2026-06-02T15:36:40+00:00] DONE qwen25_3b_generate_automated

[2026-06-02T15:36:40+00:00] START qwen25_3b_judge

[2026-06-02T15:42:55+00:00] Scaling validation started on instance 39141905

[2026-06-02T15:42:55+00:00] SKIP remote_unit_tests: marker exists

[2026-06-02T15:42:55+00:00] SKIP qwen25_3b_generate_automated: marker exists

[2026-06-02T15:42:55+00:00] SKIP qwen25_3b_judge: marker exists

[2026-06-02T15:42:55+00:00] START sft_1p5b_contrarian

[2026-06-02T15:53:10+00:00] DONE sft_1p5b_contrarian

[2026-06-02T15:53:10+00:00] START sft_1p5b_systems_thinker

[2026-06-02T16:09:39+00:00] DONE sft_1p5b_systems_thinker

[2026-06-02T16:09:39+00:00] START sft_1p5b_cross_domain_analogist

[2026-06-02T16:22:29+00:00] DONE sft_1p5b_cross_domain_analogist

[2026-06-02T16:22:29+00:00] START sft_1p5b_minimalist

[2026-06-02T16:32:25+00:00] DONE sft_1p5b_minimalist

[2026-06-02T16:32:25+00:00] START prepare_divpo_v2_1p5b

[2026-06-02T17:01:12+00:00] DONE prepare_divpo_v2_1p5b

[2026-06-02T17:01:12+00:00] START divpo_v2_1p5b_contrarian

[2026-06-02T17:02:43+00:00] DONE divpo_v2_1p5b_contrarian

[2026-06-02T17:02:43+00:00] START divpo_v2_1p5b_systems_thinker

[2026-06-02T17:04:26+00:00] DONE divpo_v2_1p5b_systems_thinker

[2026-06-02T17:04:26+00:00] START divpo_v2_1p5b_cross_domain_analogist

[2026-06-02T17:06:00+00:00] DONE divpo_v2_1p5b_cross_domain_analogist

[2026-06-02T17:06:00+00:00] START divpo_v2_1p5b_minimalist

[2026-06-02T17:07:29+00:00] DONE divpo_v2_1p5b_minimalist

[2026-06-02T17:07:29+00:00] START qwen25_1p5b_generate_automated

[2026-06-02T17:39:52+00:00] DONE qwen25_1p5b_generate_automated

[2026-06-02T17:39:52+00:00] START qwen25_1p5b_judge

[2026-06-02T17:42:10+00:00] SKIP qwen25_1p5b_judge: stopped intentionally after automated metrics; judge deferred/off-GPU.

[2026-06-02T17:42:10+00:00] Scaling validation completed. Artifacts ready for download.
